Archive member included to satisfy reference by file (symbol)

C:/ST/STM32CubeIDE_1.13.2/STM32CubeIDE/plugins/com.st.stm32cube.ide.mcu.externaltools.gnu-tools-for-stm32.11.3.rel1.win32_1.1.1.202309131626/tools/bin/../lib/gcc/arm-none-eabi/11.3.1/../../../../arm-none-eabi/lib/thumb/v7-m/nofp\libc_nano.a(libc_a-exit.o)
                              C:/ST/STM32CubeIDE_1.13.2/STM32CubeIDE/plugins/com.st.stm32cube.ide.mcu.externaltools.gnu-tools-for-stm32.11.3.rel1.win32_1.1.1.202309131626/tools/bin/../lib/gcc/arm-none-eabi/11.3.1/../../../../arm-none-eabi/lib/thumb/v7-m/nofp/crt0.o (exit)
C:/ST/STM32CubeIDE_1.13.2/STM32CubeIDE/plugins/com.st.stm32cube.ide.mcu.externaltools.gnu-tools-for-stm32.11.3.rel1.win32_1.1.1.202309131626/tools/bin/../lib/gcc/arm-none-eabi/11.3.1/../../../../arm-none-eabi/lib/thumb/v7-m/nofp\libc_nano.a(libc_a-findfp.o)
                              C:/ST/STM32CubeIDE_1.13.2/STM32CubeIDE/plugins/com.st.stm32cube.ide.mcu.externaltools.gnu-tools-for-stm32.11.3.rel1.win32_1.1.1.202309131626/tools/bin/../lib/gcc/arm-none-eabi/11.3.1/../../../../arm-none-eabi/lib/thumb/v7-m/nofp\libc_nano.a(libc_a-exit.o) (__stdio_exit_handler)
C:/ST/STM32CubeIDE_1.13.2/STM32CubeIDE/plugins/com.st.stm32cube.ide.mcu.externaltools.gnu-tools-for-stm32.11.3.rel1.win32_1.1.1.202309131626/tools/bin/../lib/gcc/arm-none-eabi/11.3.1/../../../../arm-none-eabi/lib/thumb/v7-m/nofp\libc_nano.a(libc_a-fwalk.o)
                              C:/ST/STM32CubeIDE_1.13.2/STM32CubeIDE/plugins/com.st.stm32cube.ide.mcu.externaltools.gnu-tools-for-stm32.11.3.rel1.win32_1.1.1.202309131626/tools/bin/../lib/gcc/arm-none-eabi/11.3.1/../../../../arm-none-eabi/lib/thumb/v7-m/nofp\libc_nano.a(libc_a-findfp.o) (_fwalk_sglue)
C:/ST/STM32CubeIDE_1.13.2/STM32CubeIDE/plugins/com.st.stm32cube.ide.mcu.externaltools.gnu-tools-for-stm32.11.3.rel1.win32_1.1.1.202309131626/tools/bin/../lib/gcc/arm-none-eabi/11.3.1/../../../../arm-none-eabi/lib/thumb/v7-m/nofp\libc_nano.a(libc_a-stdio.o)
                              C:/ST/STM32CubeIDE_1.13.2/STM32CubeIDE/plugins/com.st.stm32cube.ide.mcu.externaltools.gnu-tools-for-stm32.11.3.rel1.win32_1.1.1.202309131626/tools/bin/../lib/gcc/arm-none-eabi/11.3.1/../../../../arm-none-eabi/lib/thumb/v7-m/nofp\libc_nano.a(libc_a-findfp.o) (__sread)
C:/ST/STM32CubeIDE_1.13.2/STM32CubeIDE/plugins/com.st.stm32cube.ide.mcu.externaltools.gnu-tools-for-stm32.11.3.rel1.win32_1.1.1.202309131626/tools/bin/../lib/gcc/arm-none-eabi/11.3.1/../../../../arm-none-eabi/lib/thumb/v7-m/nofp\libc_nano.a(libc_a-memset.o)
                              C:/ST/STM32CubeIDE_1.13.2/STM32CubeIDE/plugins/com.st.stm32cube.ide.mcu.externaltools.gnu-tools-for-stm32.11.3.rel1.win32_1.1.1.202309131626/tools/bin/../lib/gcc/arm-none-eabi/11.3.1/../../../../arm-none-eabi/lib/thumb/v7-m/nofp/crt0.o (memset)
C:/ST/STM32CubeIDE_1.13.2/STM32CubeIDE/plugins/com.st.stm32cube.ide.mcu.externaltools.gnu-tools-for-stm32.11.3.rel1.win32_1.1.1.202309131626/tools/bin/../lib/gcc/arm-none-eabi/11.3.1/../../../../arm-none-eabi/lib/thumb/v7-m/nofp\libc_nano.a(libc_a-closer.o)
                              C:/ST/STM32CubeIDE_1.13.2/STM32CubeIDE/plugins/com.st.stm32cube.ide.mcu.externaltools.gnu-tools-for-stm32.11.3.rel1.win32_1.1.1.202309131626/tools/bin/../lib/gcc/arm-none-eabi/11.3.1/../../../../arm-none-eabi/lib/thumb/v7-m/nofp\libc_nano.a(libc_a-stdio.o) (_close_r)
C:/ST/STM32CubeIDE_1.13.2/STM32CubeIDE/plugins/com.st.stm32cube.ide.mcu.externaltools.gnu-tools-for-stm32.11.3.rel1.win32_1.1.1.202309131626/tools/bin/../lib/gcc/arm-none-eabi/11.3.1/../../../../arm-none-eabi/lib/thumb/v7-m/nofp\libc_nano.a(libc_a-reent.o)
                              C:/ST/STM32CubeIDE_1.13.2/STM32CubeIDE/plugins/com.st.stm32cube.ide.mcu.externaltools.gnu-tools-for-stm32.11.3.rel1.win32_1.1.1.202309131626/tools/bin/../lib/gcc/arm-none-eabi/11.3.1/../../../../arm-none-eabi/lib/thumb/v7-m/nofp\libc_nano.a(libc_a-closer.o) (errno)
C:/ST/STM32CubeIDE_1.13.2/STM32CubeIDE/plugins/com.st.stm32cube.ide.mcu.externaltools.gnu-tools-for-stm32.11.3.rel1.win32_1.1.1.202309131626/tools/bin/../lib/gcc/arm-none-eabi/11.3.1/../../../../arm-none-eabi/lib/thumb/v7-m/nofp\libc_nano.a(libc_a-impure.o)
                              C:/ST/STM32CubeIDE_1.13.2/STM32CubeIDE/plugins/com.st.stm32cube.ide.mcu.externaltools.gnu-tools-for-stm32.11.3.rel1.win32_1.1.1.202309131626/tools/bin/../lib/gcc/arm-none-eabi/11.3.1/../../../../arm-none-eabi/lib/thumb/v7-m/nofp\libc_nano.a(libc_a-reent.o) (_impure_ptr)
C:/ST/STM32CubeIDE_1.13.2/STM32CubeIDE/plugins/com.st.stm32cube.ide.mcu.externaltools.gnu-tools-for-stm32.11.3.rel1.win32_1.1.1.202309131626/tools/bin/../lib/gcc/arm-none-eabi/11.3.1/../../../../arm-none-eabi/lib/thumb/v7-m/nofp\libc_nano.a(libc_a-lseekr.o)
[...]
Memory Configuration

Name             Origin             Length             Attributes
RAM              0x0000000020000000 0x0000000000005000 xrw
FLASH            0x0000000008000000 0x0000000000010000 xr
*default*        0x0000000000000000 0xffffffffffffffff

Linker script and memory map

LOAD C:/ST/STM32CubeIDE_1.13.2/STM32CubeIDE/plugins/com.st.stm32cube.ide.mcu.externaltools.gnu-tools-for-stm32.11.3.rel1.win32_1.1.1.202309131626/tools/bin/../lib/gcc/arm-none-eabi/11.3.1/thumb/v7-m/nofp/crti.o
LOAD C:/ST/STM32CubeIDE_1.13.2/STM32CubeIDE/plugins/com.st.stm32cube.ide.mcu.externaltools.gnu-tools-for-stm32.11.3.rel1.win32_1.1.1.202309131626/tools/bin/../lib/gcc/arm-none-eabi/11.3.1/thumb/v7-m/nofp/crtbegin.o
LOAD C:/ST/STM32CubeIDE_1.13.2/STM32CubeIDE/plugins/com.st.stm32cube.ide.mcu.externaltools.gnu-tools-for-stm32.11.3.rel1.win32_1.1.1.202309131626/tools/bin/../lib/gcc/arm-none-eabi/11.3.1/../../../../arm-none-eabi/lib/thumb/v7-m/nofp/crt0.o
LOAD ./Core/Src/GPIO_Program.o
LOAD ./Core/Src/main.o
LOAD ./Core/Src/syscalls.o
LOAD ./Core/Src/sysmem.o
LOAD ./Core/Src/system_stm32f1xx.o
LOAD ./Core/Startup/startup_stm32f103c8tx.o
START GROUP
LOAD C:/ST/STM32CubeIDE_1.13.2/STM32CubeIDE/plugins/com.st.stm32cube.ide.mcu.externaltools.gnu-tools-for-stm32.11.3.rel1.win32_1.1.1.202309131626/tools/bin/../lib/gcc/arm-none-eabi/11.3.1/../../../../arm-none-eabi/lib/thumb/v7-m/nofp\libc_nano.a
LOAD C:/ST/STM32CubeIDE_1.13.2/STM32CubeIDE/plugins/com.st.stm32cube.ide.mcu.externaltools.gnu-tools-for-stm32.11.3.rel1.win32_1.1.1.202309131626/tools/bin/../lib/gcc/arm-none-eabi/11.3.1/../../../../arm-none-eabi/lib/thumb/v7-m/nofp\libm.a
END GROUP
START GROUP
LOAD C:/ST/STM32CubeIDE_1.13.2/STM32CubeIDE/plugins/com.st.stm32cube.ide.mcu.externaltools.gnu-tools-for-stm32.11.3.rel1.win32_1.1.1.202309131626/tools/bin/../lib/gcc/arm-none-eabi/11.3.1/thumb/v7-m/nofp\libgcc.a
LOAD C:/ST/STM32CubeIDE_1.13.2/STM32CubeIDE/plugins/com.st.stm32cube.ide.mcu.externaltools.gnu-tools-for-stm32.11.3.rel1.win32_1.1.1.202309131626/tools/bin/../lib/gcc/arm-none-eabi/11.3.1/../../../../arm-none-eabi/lib/thumb/v7-m/nofp\libc_nano.a
END GROUP
START GROUP
LOAD C:/ST/STM32CubeIDE_1.13.2/STM32CubeIDE/plugins/com.st.stm32cube.ide.mcu.externaltools.gnu-tools-for-stm32.11.3.rel1.win32_1.1.1.202309131626/tools/bin/../lib/gcc/arm-none-eabi/11.3.1/thumb/v7-m/nofp\libgcc.a
LOAD C:/ST/STM32CubeIDE_1.13.2/STM32CubeIDE/plugins/com.st.stm32cube.ide.mcu.externaltools.gnu-tools-for-stm32.11.3.rel1.win32_1.1.1.202309131626/tools/bin/../lib/gcc/arm-none-eabi/11.3.1/../../../../arm-none-eabi/lib/thumb/v7-m/nofp\libc_nano.a
LOAD C:/ST/STM32CubeIDE_1.13.2/STM32CubeIDE/plugins/com.st.stm32cube.ide.mcu.externaltools.gnu-tools-for-stm32.11.3.rel1.win32_1.1.1.202309131626/tools/bin/../lib/gcc/arm-none-eabi/11.3.1/../../../../arm-none-eabi/lib/thumb/v7-m/nofp\libnosys.a
END GROUP
START GROUP
LOAD C:/ST/STM32CubeIDE_1.13.2/STM32CubeIDE/plugins/com.st.stm32cube.ide.mcu.externaltools.gnu-tools-for-stm32.11.3.rel1.win32_1.1.1.202309131626/tools/bin/../lib/gcc/arm-none-eabi/11.3.1/thumb/v7-m/nofp\libgcc.a
LOAD C:/ST/STM32CubeIDE_1.13.2/STM32CubeIDE/plugins/com.st.stm32cube.ide.mcu.externaltools.gnu-tools-for-stm32.11.3.rel1.win32_1.1.1.202309131626/tools/bin/../lib/gcc/arm-none-eabi/11.3.1/../../../../arm-none-eabi/lib/thumb/v7-m/nofp\libc_nano.a
LOAD C:/ST/STM32CubeIDE_1.13.2/STM32CubeIDE/plugins/com.st.stm32cube.ide.mcu.externaltools.gnu-tools-for-stm32.11.3.rel1.win32_1.1.1.202309131626/tools/bin/../lib/gcc/arm-none-eabi/11.3.1/../../../../arm-none-eabi/lib/thumb/v7-m/nofp\libnosys.a
END GROUP
LOAD C:/ST/STM32CubeIDE_1.13.2/STM32CubeIDE/plugins/com.st.stm32cube.ide.mcu.externaltools.gnu-tools-for-stm32.11.3.rel1.win32_1.1.1.202309131626/tools/bin/../lib/gcc/arm-none-eabi/11.3.1/thumb/v7-m/nofp/crtend.o
LOAD C:/ST/STM32CubeIDE_1.13.2/STM32CubeIDE/plugins/com.st.stm32cube.ide.mcu.externaltools.gnu-tools-for-stm32.11.3.rel1.win32_1.1.1.202309131626/tools/bin/../lib/gcc/arm-none-eabi/11.3.1/thumb/v7-m/nofp/crtn.o
                0x0000000020005000                _estack = (ORIGIN (RAM) + LENGTH (RAM))
                0x0000000000000200                _Min_Heap_Size = 0x200
                0x0000000000000400                _Min_Stack_Size = 0x400

.isr_vector     0x0000000008000000      0x10c
                0x0000000008000000                . = ALIGN (0x4)
 *(.isr_vector)
 .isr_vector    0x0000000008000000      0x10c ./Core/Startup/startup_stm32f103c8tx.o
                0x0000000008000000                g_pfnVectors
                0x000000000800010c                . = ALIGN (0x4)

.text           0x000000000800010c      0x100
                0x000000000800010c                . = ALIGN (0x4)
 *(.text)
 .text          0x000000000800010c       0x40 C:/ST/STM32CubeIDE_1.13.2/STM32CubeIDE/plugins/com.st.stm32cube.ide.mcu.externaltools.gnu-tools-for-stm32.11.3.rel1.win32_1.1.1.202309131626/tools/bin/../lib/gcc/arm-none-eabi/11.3.1/thumb/v7-m/nofp/crtbegin.o
 *(.text*)
 .text.main     0x000000000800014c        0x6 ./Core/Src/main.o
                0x000000000800014c                main
 .text.SystemInit
                0x0000000008000152        0xc ./Core/Src/system_stm32f1xx.o
                0x0000000008000152                SystemInit
 *fill*         0x000000000800015e        0x2 
 .text.Reset_Handler
                0x0000000008000160       0x48 ./Core/Startup/startup_stm32f103c8tx.o
                0x0000000008000160                Reset_Handler
 .text.Default_Handler
                0x00000000080001a8        0x2 ./Core/Startup/startup_stm32f103c8tx.o
                0x00000000080001a8                RTC_Alarm_IRQHandler
                0x00000000080001a8                EXTI2_IRQHandler
                0x00000000080001a8                DebugMon_Handler
                0x00000000080001a8                TIM1_CC_IRQHandler
                0x00000000080001a8                HardFault_Handler
                0x00000000080001a8                SysTick_Handler
                0x00000000080001a8                PVD_IRQHandler
                0x00000000080001a8                PendSV_Handler
                0x00000000080001a8                NMI_Handler
                0x00000000080001a8                EXTI3_IRQHandler
                0x00000000080001a8                EXTI0_IRQHandler
                0x00000000080001a8                I2C2_EV_IRQHandler
                0x00000000080001a8                UsageFault_Handler
                0x00000000080001a8                ADC1_2_IRQHandler
                0x00000000080001a8                SPI1_IRQHandler
                0x00000000080001a8                TAMPER_IRQHandler
                0x00000000080001a8                DMA1_Channel4_IRQHandler
                0x00000000080001a8                USART3_IRQHandler
                0x00000000080001a8                RTC_IRQHandler
                0x00000000080001a8                DMA1_Channel7_IRQHandler
                0x00000000080001a8                CAN1_RX1_IRQHandler
                0x00000000080001a8                TIM4_IRQHandler
                0x00000000080001a8                I2C1_EV_IRQHandler
                0x00000000080001a8                DMA1_Channel6_IRQHandler
                0x00000000080001a8                TIM3_IRQHandler
                0x00000000080001a8                RCC_IRQHandler
                0x00000000080001a8                TIM1_TRG_COM_IRQHandler
                0x00000000080001a8                DMA1_Channel1_IRQHandler
                0x00000000080001a8                Default_Handler
                0x00000000080001a8                EXTI15_10_IRQHandler
                0x00000000080001a8                EXTI9_5_IRQHandler
                0x00000000080001a8                SPI2_IRQHandler
                0x00000000080001a8                MemManage_Handler
                0x00000000080001a8                SVC_Handler
                0x00000000080001a8                DMA1_Channel5_IRQHandler
                0x00000000080001a8                EXTI4_IRQHandler
                0x00000000080001a8                USB_LP_CAN1_RX0_IRQHandler
                0x00000000080001a8                USB_HP_CAN1_TX_IRQHandler
                0x00000000080001a8                DMA1_Channel3_IRQHandler
                0x00000000080001a8                TIM1_UP_IRQHandler
                0x00000000080001a8                WWDG_IRQHandler
                0x00000000080001a8                TIM2_IRQHandler
                0x00000000080001a8                TIM1_BRK_IRQHandler
                0x00000000080001a8                EXTI1_IRQHandler
                0x00000000080001a8                USART2_IRQHandler
                0x00000000080001a8                I2C2_ER_IRQHandler
                0x00000000080001a8                DMA1_Channel2_IRQHandler
                0x00000000080001a8                CAN1_SCE_IRQHandler
                0x00000000080001a8                FLASH_IRQHandler
                0x00000000080001a8                BusFault_Handler
                0x00000000080001a8                USART1_IRQHandler
                0x00000000080001a8                I2C1_ER_IRQHandler
                0x00000000080001a8                USBWakeUp_IRQHandler
 *fill*         0x00000000080001aa        0x2 
 .text.__libc_init_array
                0x00000000080001ac       0x48 C:/ST/STM32CubeIDE_1.13.2/STM32CubeIDE/plugins/com.st.stm32cube.ide.mcu.externaltools.gnu-tools-for-stm32.11.3.rel1.win32_1.1.1.202309131626/tools/bin/../lib/gcc/arm-none-eabi/11.3.1/../../../../arm-none-eabi/lib/thumb/v7-m/nofp\libc_nano.a(libc_a-init.o)
                0x00000000080001ac                __libc_init_array
 *(.glue_7)
 .glue_7        0x00000000080001f4        0x0 linker stubs
 *(.glue_7t)
 .glue_7t       0x00000000080001f4        0x0 linker stubs
 *(.eh_frame)
 .eh_frame      0x00000000080001f4        0x0 C:/ST/STM32CubeIDE_1.13.2/STM32CubeIDE/plugins/com.st.stm32cube.ide.mcu.externaltools.gnu-tools-for-stm32.11.3.rel1.win32_1.1.1.202309131626/tools/bin/../lib/gcc/arm-none-eabi/11.3.1/thumb/v7-m/nofp/crtbegin.o
 *(.init)
 .init          0x00000000080001f4        0x4 C:/ST/STM32CubeIDE_1.13.2/STM32CubeIDE/plugins/com.st.stm32cube.ide.mcu.externaltools.gnu-tools-for-stm32.11.3.rel1.win32_1.1.1.202309131626/tools/bin/../lib/gcc/arm-none-eabi/11.3.1/thumb/v7-m/nofp/crti.o
                0x00000000080001f4                _init
 .init          0x00000000080001f8        0x8 C:/ST/STM32CubeIDE_1.13.2/STM32CubeIDE/plugins/com.st.stm32cube.ide.mcu.externaltools.gnu-tools-for-stm32.11.3.rel1.win32_1.1.1.202309131626/tools/bin/../lib/gcc/arm-none-eabi/11.3.1/thumb/v7-m/nofp/crtn.o
 *(.fini)
 .fini          0x0000000008000200        0x4 C:/ST/STM32CubeIDE_1.13.2/STM32CubeIDE/plugins/com.st.stm32cube.ide.mcu.externaltools.gnu-tools-for-stm32.11.3.rel1.win32_1.1.1.202309131626/tools/bin/../lib/gcc/arm-none-eabi/11.3.1/thumb/v7-m/nofp/crti.o
                0x0000000008000200                _fini
 .fini          0x0000000008000204        0x8 C:/ST/STM32CubeIDE_1.13.2/STM32CubeIDE/plugins/com.st.stm32cube.ide.mcu.externaltools.gnu-tools-for-stm32.11.3.rel1.win32_1.1.1.202309131626/tools/bin/../lib/gcc/arm-none-eabi/11.3.1/thumb/v7-m/nofp/crtn.o
                0x000000000800020c                . = ALIGN (0x4)
                0x000000000800020c                _etext = .

.vfp11_veneer   0x000000000800020c        0x0
 .vfp11_veneer  0x000000000800020c        0x0 linker stubs

.v4_bx          0x000000000800020c        0x0
 .v4_bx         0x000000000800020c        0x0 linker stubs

.iplt           0x000000000800020c        0x0
 .iplt          0x000000000800020c        0x0 C:/ST/STM32CubeIDE_1.13.2/STM32CubeIDE/plugins/com.st.stm32cube.ide.mcu.externaltools.gnu-tools-for-stm32.11.3.rel1.win32_1.1.1.202309131626/tools/bin/../lib/gcc/arm-none-eabi/11.3.1/thumb/v7-m/nofp/crtbegin.o

.rel.dyn        0x000000000800020c        0x0
 .rel.iplt      0x000000000800020c        0x0 C:/ST/STM32CubeIDE_1.13.2/STM32CubeIDE/plugins/com.st.stm32cube.ide.mcu.externaltools.gnu-tools-for-stm32.11.3.rel1.win32_1.1.1.202309131626/tools/bin/../lib/gcc/arm-none-eabi/11.3.1/thumb/v7-m/nofp/crtbegin.o

.rodata         0x000000000800020c        0x0
                0x000000000800020c                . = ALIGN (0x4)
 *(.rodata)
 *(.rodata*)
                0x000000000800020c                . = ALIGN (0x4)

.ARM.extab      0x000000000800020c        0x0
                0x000000000800020c                . = ALIGN (0x4)
 *(.ARM.extab* .gnu.linkonce.armextab.*)
                0x000000000800020c                . = ALIGN (0x4)

.ARM            0x000000000800020c        0x0
                0x000000000800020c                . = ALIGN (0x4)
                0x000000000800020c                __exidx_start = .
 *(.ARM.exidx*)
                0x000000000800020c                __exidx_end = .
                0x000000000800020c                . = ALIGN (0x4)

.preinit_array  0x000000000800020c        0x0
                0x000000000800020c                . = ALIGN (0x4)
                0x000000000800020c                PROVIDE (__preinit_array_start = .)
 *(.preinit_array*)
                0x000000000800020c                PROVIDE (__preinit_array_end = .)
                0x000000000800020c                . = ALIGN (0x4)

.init_array     0x000000000800020c        0x4
                0x000000000800020c                . = ALIGN (0x4)
                0x000000000800020c                PROVIDE (__init_array_start = .)
 *(SORT_BY_NAME(.init_array.*))
 *(.init_array*)
 .init_array    0x000000000800020c        0x4 C:/ST/STM32CubeIDE_1.13.2/STM32CubeIDE/plugins/com.st.stm32cube.ide.mcu.externaltools.gnu-tools-for-stm32.11.3.rel1.win32_1.1.1.202309131626/tools/bin/../lib/gcc/arm-none-eabi/11.3.1/thumb/v7-m/nofp/crtbegin.o
                0x0000000008000210                PROVIDE (__init_array_end = .)
                0x0000000008000210                . = ALIGN (0x4)

.fini_array     0x0000000008000210        0x4
                0x0000000008000210                . = ALIGN (0x4)
                [!provide]                        PROVIDE (__fini_array_start = .)
 *(SORT_BY_NAME(.fini_array.*))
 *(.fini_array*)
 .fini_array    0x0000000008000210        0x4 C:/ST/STM32CubeIDE_1.13.2/STM32CubeIDE/plugins/com.st.stm32cube.ide.mcu.externaltools.gnu-tools-for-stm32.11.3.rel1.win32_1.1.1.202309131626/tools/bin/../lib/gcc/arm-none-eabi/11.3.1/thumb/v7-m/nofp/crtbegin.o
                [!provide]                        PROVIDE (__fini_array_end = .)
                0x0000000008000214                . = ALIGN (0x4)
                0x0000000008000214                _sidata = LOADADDR (.data)

.data           0x0000000020000000        0x0 load address 0x0000000008000214
                0x0000000020000000                . = ALIGN (0x4)
                0x0000000020000000                _sdata = .
 *(.data)
 *(.data*)
 *(.RamFunc)
 *(.RamFunc*)
                0x0000000020000000                . = ALIGN (0x4)
                0x0000000020000000                _edata = .

.igot.plt       0x0000000020000000        0x0 load address 0x0000000008000214
 .igot.plt      0x0000000020000000        0x0 C:/ST/STM32CubeIDE_1.13.2/STM32CubeIDE/plugins/com.st.stm32cube.ide.mcu.externaltools.gnu-tools-for-stm32.11.3.rel1.win32_1.1.1.202309131626/tools/bin/../lib/gcc/arm-none-eabi/11.3.1/thumb/v7-m/nofp/crtbegin.o
                0x0000000020000000                . = ALIGN (0x4)

.bss            0x0000000020000000       0x1c load address 0x0000000008000214
                0x0000000020000000                _sbss = .
                0x0000000020000000                __bss_start__ = _sbss
 *(.bss)
 .bss           0x0000000020000000       0x1c C:/ST/STM32CubeIDE_1.13.2/STM32CubeIDE/plugins/com.st.stm32cube.ide.mcu.externaltools.gnu-tools-for-stm32.11.3.rel1.win32_1.1.1.202309131626/tools/bin/../lib/gcc/arm-none-eabi/11.3.1/thumb/v7-m/nofp/crtbegin.o
 *(.bss*)
 *(COMMON)
                0x000000002000001c                . = ALIGN (0x4)
                0x000000002000001c                _ebss = .
                0x000000002000001c                __bss_end__ = _ebss

._user_heap_stack
                0x000000002000001c      0x604 load address 0x0000000008000214
                0x0000000020000020                . = ALIGN (0x8)
 *fill*         0x000000002000001c        0x4 
                [!provide]                        PROVIDE (end = .)
                0x0000000020000020                PROVIDE (_end = .)
                0x0000000020000220                . = (. + _Min_Heap_Size)
 *fill*         0x0000000020000020      0x200 
                0x0000000020000620                . = (. + _Min_Stack_Size)
 *fill*         0x0000000020000220      0x400 
                0x0000000020000620                . = ALIGN (0x8)

/DISCARD/
 libc.a(*)
 libm.a(*)
 libgcc.a(*)

.ARM.attributes
                0x0000000000000000       0x29
 *(.ARM.attributes)
 .ARM.attributes
                0x0000000000000000       0x1d C:/ST/STM32CubeIDE_1.13.2/STM32CubeIDE/plugins/com.st.stm32cube.ide.mcu.externaltools.gnu-tools-for-stm32.11.3.rel1.win32_1.1.1.202309131626/tools/bin/../lib/gcc/arm-none-eabi/11.3.1/thumb/v7-m/nofp/crti.o
 .ARM.attributes
                0x000000000000001d       0x2d C:/ST/STM32CubeIDE_1.13.2/STM32CubeIDE/plugins/com.st.stm32cube.ide.mcu.externaltools.gnu-tools-for-stm32.11.3.rel1.win32_1.1.1.202309131626/tools/bin/../lib/gcc/arm-none-eabi/11.3.1/thumb/v7-m/nofp/crtbegin.o
 .ARM.attributes
                0x000000000000004a       0x2d ./Core/Src/main.o
 .ARM.attributes
                0x0000000000000077       0x2d ./Core/Src/system_stm32f1xx.o
 .ARM.attributes
                0x00000000000000a4       0x21 ./Core/Startup/startup_stm32f103c8tx.o
 .ARM.attributes
                0x00000000000000c5       0x2d C:/ST/STM32CubeIDE_1.13.2/STM32CubeIDE/plugins/com.st.stm32cube.ide.mcu.externaltools.gnu-tools-for-stm32.11.3.rel1.win32_1.1.1.202309131626/tools/bin/../lib/gcc/arm-none-eabi/11.3.1/../../../../arm-none-eabi/lib/thumb/v7-m/nofp\libc_nano.a(libc_a-init.o)
 .ARM.attributes
                0x00000000000000f2       0x1d C:/ST/STM32CubeIDE_1.13.2/STM32CubeIDE/plugins/com.st.stm32cube.ide.mcu.externaltools.gnu-tools-for-stm32.11.3.rel1.win32_1.1.1.202309131626/tools/bin/../lib/gcc/arm-none-eabi/11.3.1/thumb/v7-m/nofp/crtn.o
OUTPUT(GPIO.elf elf32-littlearm)
LOAD linker stubs
LOAD C:/ST/STM32CubeIDE_1.13.2/STM32CubeIDE/plugins/com.st.stm32cube.ide.mcu.externaltools.gnu-tools-for-stm32.11.3.rel1.win32_1.1.1.202309131626/tools/bin/../lib/gcc/arm-none-eabi/11.3.1/../../../../arm-none-eabi/lib/thumb/v7-m/nofp\libc.a
LOAD C:/ST/STM32CubeIDE_1.13.2/STM32CubeIDE/plugins/com.st.stm32cube.ide.mcu.externaltools.gnu-tools-for-stm32.11.3.rel1.win32_1.1.1.202309131626/tools/bin/../lib/gcc/arm-none-eabi/11.3.1/../../../../arm-none-eabi/lib/thumb/v7-m/nofp\libm.a
LOAD C:/ST/STM32CubeIDE_1.13.2/STM32CubeIDE/plugins/com.st.stm32cube.ide.mcu.externaltools.gnu-tools-for-stm32.11.3.rel1.win32_1.1.1.202309131626/tools/bin/../lib/gcc/arm-none-eabi/11.3.1/thumb/v7-m/nofp\libgcc.a

.comment        0x0000000000000000       0x43
 .comment       0x0000000000000000       0x43 C:/ST/STM32CubeIDE_1.13.2/STM32CubeIDE/plugins/com.st.stm32cube.ide.mcu.externaltools.gnu-tools-for-stm32.11.3.rel1.win32_1.1.1.202309131626/tools/bin/../lib/gcc/arm-none-eabi/11.3.1/thumb/v7-m/nofp/crtbegin.o
                                         0x44 (size before relaxing)
 .comment       0x0000000000000043       0x44 ./Core/Src/main.o
 .comment       0x0000000000000043       0x44 ./Core/Src/system_stm32f1xx.o

.debug_info     0x0000000000000000      0x28d
 .debug_info    0x0000000000000000       0x48 ./Core/Src/main.o
 .debug_info    0x0000000000000048      0x222 ./Core/Src/system_stm32f1xx.o
 .debug_info    0x000000000000026a       0x23 ./Core/Startup/startup_stm32f103c8tx.o

.debug_abbrev   0x0000000000000000      0x18b
 .debug_abbrev  0x0000000000000000       0x3a ./Core/Src/main.o
 .debug_abbrev  0x000000000000003a      0x13f ./Core/Src/system_stm32f1xx.o
 .debug_abbrev  0x0000000000000179       0x12 ./Core/Startup/startup_stm32f103c8tx.o

.debug_aranges  0x0000000000000000       0x70
 .debug_aranges
                0x0000000000000000       0x20 ./Core/Src/main.o
 .debug_aranges
                0x0000000000000020       0x28 ./Core/Src/system_stm32f1xx.o
 .debug_aranges
                0x0000000000000048       0x28 ./Core/Startup/startup_stm32f103c8tx.o

.debug_rnglists
                0x0000000000000000       0x46
 .debug_rnglists
                0x0000000000000000       0x13 ./Core/Src/main.o
 .debug_rnglists
                0x0000000000000013       0x1a ./Core/Src/system_stm32f1xx.o
 .debug_rnglists
                0x000000000000002d       0x19 ./Core/Startup/startup_stm32f103c8tx.o

.debug_macro    0x0000000000000000    0x13e1f
 .debug_macro   0x0000000000000000       0x11 ./Core/Src/main.o
 .debug_macro   0x0000000000000011      0x184 ./Core/Src/system_stm32f1xx.o
 .debug_macro   0x0000000000000195       0x2e ./Core/Src/system_stm32f1xx.o
 .debug_macro   0x00000000000001c3       0x22 ./Core/Src/system_stm32f1xx.o
 .debug_macro   0x00000000000001e5       0x8e ./Core/Src/system_stm32f1xx.o
 .debug_macro   0x0000000000000273       0x51 ./Core/Src/system_stm32f1xx.o
 .debug_macro   0x00000000000002c4       0x1c ./Core/Src/system_stm32f1xx.o
 .debug_macro   0x00000000000002e0       0x22 ./Core/Src/system_stm32f1xx.o
 .debug_macro   0x0000000000000302       0xbd ./Core/Src/system_stm32f1xx.o
 .debug_macro   0x00000000000003bf      0xd23 ./Core/Src/system_stm32f1xx.o
 .debug_macro   0x00000000000010e2     0xe09e ./Core/Src/system_stm32f1xx.o
 .debug_macro   0x000000000000f180       0x6d ./Core/Src/system_stm32f1xx.o
 .debug_macro   0x000000000000f1ed      0x209 ./Core/Src/system_stm32f1xx.o
 .debug_macro   0x000000000000f3f6     0x348d ./Core/Src/system_stm32f1xx.o
 .debug_macro   0x0000000000012883       0x5c ./Core/Src/system_stm32f1xx.o
 .debug_macro   0x00000000000128df      0x5bc ./Core/Src/system_stm32f1xx.o
 .debug_macro   0x0000000000012e9b      0x289 ./Core/Src/system_stm32f1xx.o
 .debug_macro   0x0000000000013124      0x1cb ./Core/Src/system_stm32f1xx.o
 .debug_macro   0x00000000000132ef      0x114 ./Core/Src/system_stm32f1xx.o
 .debug_macro   0x0000000000013403      0x1b2 ./Core/Src/system_stm32f1xx.o
 .debug_macro   0x00000000000135b5       0x27 ./Core/Src/system_stm32f1xx.o
 .debug_macro   0x00000000000135dc      0x136 ./Core/Src/system_stm32f1xx.o
 .debug_macro   0x0000000000013712      0x1bc ./Core/Src/system_stm32f1xx.o
 .debug_macro   0x00000000000138ce       0x34 ./Core/Src/system_stm32f1xx.o
 .debug_macro   0x0000000000013902       0x3c ./Core/Src/system_stm32f1xx.o
 .debug_macro   0x000000000001393e       0x57 ./Core/Src/system_stm32f1xx.o
 .debug_macro   0x0000000000013995       0x87 ./Core/Src/system_stm32f1xx.o
 .debug_macro   0x0000000000013a1c      0x240 ./Core/Src/system_stm32f1xx.o
 .debug_macro   0x0000000000013c5c      0x140 ./Core/Src/system_stm32f1xx.o
 .debug_macro   0x0000000000013d9c       0x83 ./Core/Src/system_stm32f1xx.o

.debug_line     0x0000000000000000      0x8d5
 .debug_line    0x0000000000000000       0x4b ./Core/Src/main.o
 .debug_line    0x000000000000004b      0x812 ./Core/Src/system_stm32f1xx.o
 .debug_line    0x000000000000085d       0x78 ./Core/Startup/startup_stm32f103c8tx.o

.debug_str      0x0000000000000000    0x7a998
 .debug_str     0x0000000000000000     0x2d7f ./Core/Src/main.o
 .debug_str     0x0000000000002d7f    0x77be5 ./Core/Src/system_stm32f1xx.o
                                      0x7ac78 (size before relaxing)
 .debug_str     0x000000000007a964       0x34 ./Core/Startup/startup_stm32f103c8tx.o
                                         0x6c (size before relaxing)

.debug_frame    0x0000000000000000       0xac
 .debug_frame   0x0000000000000000       0x28 ./Core/Src/main.o
 .debug_frame   0x0000000000000028       0x58 ./Core/Src/system_stm32f1xx.o
 .debug_frame   0x0000000000000080       0x2c C:/ST/STM32CubeIDE_1.13.2/STM32CubeIDE/plugins/com.st.stm32cube.ide.mcu.externaltools.gnu-tools-for-stm32.11.3.rel1.win32_1.1.1.202309131626/tools/bin/../lib/gcc/arm-none-eabi/11.3.1/../../../../arm-none-eabi/lib/thumb/v7-m/nofp\libc_nano.a(libc_a-init.o)

.debug_line_str
                0x0000000000000000       0x60
 .debug_line_str
                0x0000000000000000       0x60 ./Core/Startup/startup_stm32f103c8tx.o
                                         0x78 (size before relaxing)
