../Core/Src/EXTI_program.c:19:6:EXTI_init	16	static
../Core/Src/EXTI_program.c:31:6:EXTI_enableLine	16	static
../Core/Src/EXTI_program.c:37:6:EXTI_disableLine	16	static
../Core/Src/EXTI_program.c:45:6:EXTI_softWareTrigger	16	static
../Core/Src/EXTI_program.c:51:6:set_CallBackFunction	16	static
../Core/Src/EXTI_program.c:58:6:EXTI0_IRQHandler	8	static
../Core/Src/EXTI_program.c:67:6:EXTI1_IRQHandler	8	static
../Core/Src/EXTI_program.c:75:6:EXTI2_IRQHandler	8	static
../Core/Src/EXTI_program.c:83:6:EXTI3_IRQHandler	8	static
../Core/Src/EXTI_program.c:91:6:EXTI4_IRQHandler	8	static
../Core/Src/EXTI_program.c:99:6:EXTI5_IRQHandler	8	static
../Core/Src/EXTI_program.c:108:6:EXTI6_IRQHandler	8	static
../Core/Src/EXTI_program.c:115:6:EXTI7_IRQHandler	8	static
../Core/Src/EXTI_program.c:122:6:EXTI8_IRQHandler	8	static
../Core/Src/EXTI_program.c:129:6:EXTI9_IRQHandler	8	static
../Core/Src/EXTI_program.c:136:6:EXTI10_IRQHandler	8	static
../Core/Src/EXTI_program.c:143:6:EXTI11_IRQHandler	8	static
../Core/Src/EXTI_program.c:150:6:EXTI12_IRQHandler	8	static
../Core/Src/EXTI_program.c:157:6:EXTI13_IRQHandler	8	static
../Core/Src/EXTI_program.c:164:6:EXTI14_IRQHandler	8	static
../Core/Src/EXTI_program.c:171:6:EXTI15_IRQHandler	8	static
