../Core/Src/RCC_Program.c:15:6:RCC_enableHSI_8MHZ	4	static
../Core/Src/RCC_Program.c:25:6:RCC_enableHSE	4	static
../Core/Src/RCC_Program.c:35:6:RCC_enablePLL	16	static
../Core/Src/RCC_Program.c:64:6:RCC_enableLSI	4	static
../Core/Src/RCC_Program.c:76:6:RCC_enableLSE	4	static
../Core/Src/RCC_Program.c:86:6:RCC_enableRTC	4	static
../Core/Src/RCC_Program.c:91:6:RCC_MCO_CLK	16	static
../Core/Src/RCC_Program.c:99:6:RCC_AHB_prescaler	16	static
../Core/Src/RCC_Program.c:107:6:RCC_APB1_prescaler	16	static
../Core/Src/RCC_Program.c:113:6:RCC_APB2_prescaler	16	static
../Core/Src/RCC_Program.c:119:6:RCC_ADC_prescaler	16	static
../Core/Src/RCC_Program.c:125:6:RCC_USB_prescaler	16	static
../Core/Src/RCC_Program.c:131:6:RCC_resetModule	16	static
../Core/Src/RCC_Program.c:147:6:RCC_clearResetFlag	4	static
../Core/Src/RCC_Program.c:154:6:RCC_enableClock	16	static
../Core/Src/RCC_Program.c:170:6:RCC_disableClock	16	static
../Core/Src/RCC_Program.c:188:6:RCC_Config	8	static
